{"timestamp":"2025-08-26T05:21:03.931Z","type":"init","status":"success","message":"Initial data cached successfully for active categories","oddsUpdated":12,"resultsUpdated":"N/A","betsUpdated":0,"categoryCount":14}
{"timestamp":"2025-08-26T05:26:45.140Z","type":"init","status":"start","message":"Starting initial data caching for active categories","categoryCount":14}
{"timestamp":"2025-08-26T05:26:50.243Z","type":"init","status":"success","message":"Initial data cached successfully for active categories","oddsUpdated":12,"resultsUpdated":"N/A","betsUpdated":0,"categoryCount":14}
{"timestamp":"2025-08-26T05:30:00.351Z","type":"results","status":"start","message":"Starting cost-efficient game results update","categoryCount":14}
{"timestamp":"2025-08-26T05:30:00.359Z","type":"epl","status":"start","message":"EPL 프리미어리그 데이터 강제 업데이트"}
{"timestamp":"2025-08-26T05:30:01.765Z","type":"epl","status":"success","message":"EPL 프리미어리그 데이터 업데이트 완료"}
{"timestamp":"2025-08-26T05:30:05.516Z","type":"bets","status":"start","message":"Starting bet results update after game results"}
{"timestamp":"2025-08-26T05:30:05.535Z","type":"results","status":"success","message":"Game results and bet results update completed","gameResultsUpdated":0,"gameResultsDetail":{"totalUpdated":0,"newGames":0,"existingGamesUpdated":0,"skippedGames":0,"categoriesProcessed":13},"betResultsUpdated":0,"categoryCount":14}
{"timestamp":"2025-08-26T05:40:00.023Z","type":"results","status":"start","message":"Starting cost-efficient game results update","categoryCount":14}
{"timestamp":"2025-08-26T05:40:05.858Z","type":"bets","status":"start","message":"Starting bet results update after game results"}
{"timestamp":"2025-08-26T05:40:05.864Z","type":"results","status":"success","message":"Game results and bet results update completed","gameResultsUpdated":0,"gameResultsDetail":{"totalUpdated":0,"newGames":0,"existingGamesUpdated":0,"skippedGames":0,"categoriesProcessed":13},"betResultsUpdated":0,"categoryCount":14}
{"timestamp":"2025-08-26T05:50:00.807Z","type":"results","status":"start","message":"Starting cost-efficient game results update","categoryCount":14}
{"timestamp":"2025-08-26T05:50:06.047Z","type":"bets","status":"start","message":"Starting bet results update after game results"}
{"timestamp":"2025-08-26T05:50:06.058Z","type":"results","status":"success","message":"Game results and bet results update completed","gameResultsUpdated":0,"gameResultsDetail":{"totalUpdated":0,"newGames":0,"existingGamesUpdated":0,"skippedGames":0,"categoriesProcessed":13},"betResultsUpdated":0,"categoryCount":14}
{"timestamp":"2025-08-26T06:00:00.482Z","type":"results","status":"start","message":"Starting cost-efficient game results update","categoryCount":14}
{"timestamp":"2025-08-26T06:00:00.485Z","type":"odds_temp","status":"start","message":"Starting TEMPORARY low-priority leagues odds update (72hour interval - 500K limit)","priority":"low_temp","leagues":["BRASILEIRAO","ARGENTINA_PRIMERA","CSL","LALIGA","BUNDESLIGA"],"note":"Temporary scheduler due to 500K API limit"}
{"timestamp":"2025-08-26T06:00:00.488Z","type":"epl","status":"start","message":"EPL 프리미어리그 데이터 강제 업데이트"}
{"timestamp":"2025-08-26T06:00:02.479Z","type":"odds_temp","status":"success","message":"Temporary low-priority odds update completed (72hour interval)","priority":"low_temp","leagues":["BRASILEIRAO","ARGENTINA_PRIMERA","CSL","LALIGA","BUNDESLIGA"],"oddsUpdated":5,"oddsDetail":{"totalUpdated":5,"newOdds":0,"existingOddsUpdated":5,"skippedOdds":5,"apiCalls":5,"categoriesProcessed":5},"note":"Temporary scheduler due to 500K API limit"}
{"timestamp":"2025-08-26T06:00:03.723Z","type":"epl","status":"success","message":"EPL 프리미어리그 데이터 업데이트 완료"}
{"timestamp":"2025-08-26T06:00:04.996Z","type":"bets","status":"start","message":"Starting bet results update after game results"}
{"timestamp":"2025-08-26T06:00:05.005Z","type":"results","status":"success","message":"Game results and bet results update completed","gameResultsUpdated":0,"gameResultsDetail":{"totalUpdated":0,"newGames":0,"existingGamesUpdated":0,"skippedGames":0,"categoriesProcessed":13},"betResultsUpdated":0,"categoryCount":14}
{"timestamp":"2025-08-26T06:10:00.117Z","type":"results","status":"start","message":"Starting cost-efficient game results update","categoryCount":14}
{"timestamp":"2025-08-26T06:10:04.350Z","type":"bets","status":"start","message":"Starting bet results update after game results"}
{"timestamp":"2025-08-26T06:10:04.362Z","type":"results","status":"success","message":"Game results and bet results update completed","gameResultsUpdated":0,"gameResultsDetail":{"totalUpdated":0,"newGames":0,"existingGamesUpdated":0,"skippedGames":0,"categoriesProcessed":13},"betResultsUpdated":0,"categoryCount":14}
{"timestamp":"2025-08-26T06:20:00.896Z","type":"results","status":"start","message":"Starting cost-efficient game results update","categoryCount":14}
{"timestamp":"2025-08-26T06:20:05.563Z","type":"bets","status":"start","message":"Starting bet results update after game results"}
{"timestamp":"2025-08-26T06:20:05.617Z","type":"results","status":"success","message":"Game results and bet results update completed","gameResultsUpdated":0,"gameResultsDetail":{"totalUpdated":0,"newGames":0,"existingGamesUpdated":0,"skippedGames":0,"categoriesProcessed":13},"betResultsUpdated":0,"categoryCount":14}
{"timestamp":"2025-08-26T06:26:45.234Z","type":"monitor","status":"info","message":"Scheduler status check","isUpdatingResults":false,"isUpdatingOdds":false,"lastUpdateTime":"2025-08-26T06:20:05.617Z","activeCategories":["NBA","MLB","KBO","NFL","프리미어리그","MLS","KLEAGUE","JLEAGUE","SERIEA","BRASILEIRAO","ARGENTINA_PRIMERA","CSL","LALIGA","BUNDESLIGA"],"uptime":3600.281367042,"apiCallEstimate":"~28 calls per hour","memory":{"used":"81MB","total":"88MB"}}
{"timestamp":"2025-08-26T06:30:00.496Z","type":"results","status":"start","message":"Starting cost-efficient game results update","categoryCount":14}
{"timestamp":"2025-08-26T06:30:00.503Z","type":"epl","status":"start","message":"EPL 프리미어리그 데이터 강제 업데이트"}
{"timestamp":"2025-08-26T06:30:03.401Z","type":"epl","status":"success","message":"EPL 프리미어리그 데이터 업데이트 완료"}
{"timestamp":"2025-08-26T06:30:05.446Z","type":"bets","status":"start","message":"Starting bet results update after game results"}
{"timestamp":"2025-08-26T06:30:05.606Z","type":"results","status":"success","message":"Game results and bet results update completed","gameResultsUpdated":0,"gameResultsDetail":{"totalUpdated":0,"newGames":0,"existingGamesUpdated":0,"skippedGames":0,"categoriesProcessed":13},"betResultsUpdated":0,"categoryCount":14}
{"timestamp":"2025-08-26T06:40:00.111Z","type":"results","status":"start","message":"Starting cost-efficient game results update","categoryCount":14}
{"timestamp":"2025-08-26T06:40:05.017Z","type":"bets","status":"start","message":"Starting bet results update after game results"}
{"timestamp":"2025-08-26T06:40:05.034Z","type":"results","status":"success","message":"Game results and bet results update completed","gameResultsUpdated":0,"gameResultsDetail":{"totalUpdated":0,"newGames":0,"existingGamesUpdated":0,"skippedGames":0,"categoriesProcessed":13},"betResultsUpdated":0,"categoryCount":14}
{"timestamp":"2025-08-26T06:50:00.720Z","type":"results","status":"start","message":"Starting cost-efficient game results update","categoryCount":14}
{"timestamp":"2025-08-26T06:50:05.569Z","type":"bets","status":"start","message":"Starting bet results update after game results"}
{"timestamp":"2025-08-26T06:50:05.598Z","type":"results","status":"success","message":"Game results and bet results update completed","gameResultsUpdated":0,"gameResultsDetail":{"totalUpdated":0,"newGames":0,"existingGamesUpdated":0,"skippedGames":0,"categoriesProcessed":13},"betResultsUpdated":0,"categoryCount":14}
{"timestamp":"2025-08-26T07:00:00.316Z","type":"results","status":"start","message":"Starting cost-efficient game results update","categoryCount":14}
{"timestamp":"2025-08-26T07:00:00.319Z","type":"odds_temp","status":"start","message":"Starting TEMPORARY high-priority leagues odds update (2hour interval - 500K limit)","priority":"high_temp","leagues":["NBA","MLB","KBO","NFL","프리미어리그"],"note":"Temporary scheduler due to 500K API limit"}
{"timestamp":"2025-08-26T07:00:00.322Z","type":"epl","status":"start","message":"EPL 프리미어리그 데이터 강제 업데이트"}
{"timestamp":"2025-08-26T07:00:01.116Z","type":"epl","status":"success","message":"EPL 프리미어리그 데이터 업데이트 완료"}
{"timestamp":"2025-08-26T07:00:03.213Z","type":"odds_temp","status":"success","message":"Temporary high-priority odds update completed (2hour interval)","priority":"high_temp","leagues":["NBA","MLB","KBO","NFL","프리미어리그"],"oddsUpdated":3,"oddsDetail":{"totalUpdated":3,"newOdds":0,"existingOddsUpdated":3,"skippedOdds":4,"apiCalls":5,"categoriesProcessed":5},"note":"Temporary scheduler due to 500K API limit"}
{"timestamp":"2025-08-26T07:00:05.780Z","type":"bets","status":"start","message":"Starting bet results update after game results"}
{"timestamp":"2025-08-26T07:00:05.835Z","type":"results","status":"success","message":"Game results and bet results update completed","gameResultsUpdated":0,"gameResultsDetail":{"totalUpdated":0,"newGames":0,"existingGamesUpdated":0,"skippedGames":0,"categoriesProcessed":13},"betResultsUpdated":0,"categoryCount":14}
{"timestamp":"2025-08-26T07:10:00.941Z","type":"results","status":"start","message":"Starting cost-efficient game results update","categoryCount":14}
{"timestamp":"2025-08-26T07:10:06.010Z","type":"bets","status":"start","message":"Starting bet results update after game results"}
{"timestamp":"2025-08-26T07:10:06.100Z","type":"results","status":"success","message":"Game results and bet results update completed","gameResultsUpdated":0,"gameResultsDetail":{"totalUpdated":0,"newGames":0,"existingGamesUpdated":0,"skippedGames":0,"categoriesProcessed":13},"betResultsUpdated":0,"categoryCount":14}
{"timestamp":"2025-08-26T07:20:00.559Z","type":"results","status":"start","message":"Starting cost-efficient game results update","categoryCount":14}
{"timestamp":"2025-08-26T07:20:04.979Z","type":"bets","status":"start","message":"Starting bet results update after game results"}
{"timestamp":"2025-08-26T07:20:05.003Z","type":"results","status":"success","message":"Game results and bet results update completed","gameResultsUpdated":0,"gameResultsDetail":{"totalUpdated":0,"newGames":0,"existingGamesUpdated":0,"skippedGames":0,"categoriesProcessed":13},"betResultsUpdated":0,"categoryCount":14}
{"timestamp":"2025-08-26T07:26:43.149Z","type":"monitor","status":"info","message":"Scheduler status check","isUpdatingResults":false,"isUpdatingOdds":false,"lastUpdateTime":"2025-08-26T07:20:05.003Z","activeCategories":["NBA","MLB","KBO","NFL","프리미어리그","MLS","KLEAGUE","JLEAGUE","SERIEA","BRASILEIRAO","ARGENTINA_PRIMERA","CSL","LALIGA","BUNDESLIGA"],"uptime":7200.288903833,"apiCallEstimate":"~28 calls per hour","memory":{"used":"81MB","total":"88MB"}}
{"timestamp":"2025-08-26T07:30:00.141Z","type":"results","status":"start","message":"Starting cost-efficient game results update","categoryCount":14}
{"timestamp":"2025-08-26T07:30:00.158Z","type":"epl","status":"start","message":"EPL 프리미어리그 데이터 강제 업데이트"}
{"timestamp":"2025-08-26T07:30:03.628Z","type":"epl","status":"success","message":"EPL 프리미어리그 데이터 업데이트 완료"}
{"timestamp":"2025-08-26T07:30:04.825Z","type":"bets","status":"start","message":"Starting bet results update after game results"}
{"timestamp":"2025-08-26T07:30:04.882Z","type":"results","status":"success","message":"Game results and bet results update completed","gameResultsUpdated":0,"gameResultsDetail":{"totalUpdated":0,"newGames":0,"existingGamesUpdated":0,"skippedGames":0,"categoriesProcessed":13},"betResultsUpdated":0,"categoryCount":14}
{"timestamp":"2025-08-26T07:40:00.767Z","type":"results","status":"start","message":"Starting cost-efficient game results update","categoryCount":14}
{"timestamp":"2025-08-26T07:40:06.487Z","type":"bets","status":"start","message":"Starting bet results update after game results"}
{"timestamp":"2025-08-26T07:40:06.550Z","type":"results","status":"success","message":"Game results and bet results update completed","gameResultsUpdated":0,"gameResultsDetail":{"totalUpdated":0,"newGames":0,"existingGamesUpdated":0,"skippedGames":0,"categoriesProcessed":13},"betResultsUpdated":0,"categoryCount":14}
{"timestamp":"2025-08-26T07:50:00.401Z","type":"results","status":"start","message":"Starting cost-efficient game results update","categoryCount":14}
{"timestamp":"2025-08-26T07:50:06.445Z","type":"bets","status":"start","message":"Starting bet results update after game results"}
{"timestamp":"2025-08-26T07:50:06.471Z","type":"results","status":"success","message":"Game results and bet results update completed","gameResultsUpdated":0,"gameResultsDetail":{"totalUpdated":0,"newGames":0,"existingGamesUpdated":0,"skippedGames":0,"categoriesProcessed":13},"betResultsUpdated":0,"categoryCount":14}
{"timestamp":"2025-08-26T08:00:00.011Z","type":"results","status":"start","message":"Starting cost-efficient game results update","categoryCount":14}
{"timestamp":"2025-08-26T08:00:00.015Z","type":"epl","status":"start","message":"EPL 프리미어리그 데이터 강제 업데이트"}
{"timestamp":"2025-08-26T08:00:01.744Z","type":"epl","status":"success","message":"EPL 프리미어리그 데이터 업데이트 완료"}
{"timestamp":"2025-08-26T08:00:05.477Z","type":"bets","status":"start","message":"Starting bet results update after game results"}
{"timestamp":"2025-08-26T08:00:05.528Z","type":"results","status":"success","message":"Game results and bet results update completed","gameResultsUpdated":0,"gameResultsDetail":{"totalUpdated":0,"newGames":0,"existingGamesUpdated":0,"skippedGames":0,"categoriesProcessed":13},"betResultsUpdated":0,"categoryCount":14}
{"timestamp":"2025-08-26T08:10:00.591Z","type":"results","status":"start","message":"Starting cost-efficient game results update","categoryCount":14}
{"timestamp":"2025-08-26T08:10:06.259Z","type":"bets","status":"start","message":"Starting bet results update after game results"}
{"timestamp":"2025-08-26T08:10:06.350Z","type":"results","status":"success","message":"Game results and bet results update completed","gameResultsUpdated":0,"gameResultsDetail":{"totalUpdated":0,"newGames":0,"existingGamesUpdated":0,"skippedGames":0,"categoriesProcessed":13},"betResultsUpdated":0,"categoryCount":14}
{"timestamp":"2025-08-26T08:20:00.190Z","type":"results","status":"start","message":"Starting cost-efficient game results update","categoryCount":14}
{"timestamp":"2025-08-26T08:20:05.098Z","type":"bets","status":"start","message":"Starting bet results update after game results"}
{"timestamp":"2025-08-26T08:20:05.256Z","type":"results","status":"success","message":"Game results and bet results update completed","gameResultsUpdated":0,"gameResultsDetail":{"totalUpdated":0,"newGames":0,"existingGamesUpdated":0,"skippedGames":0,"categoriesProcessed":13},"betResultsUpdated":0,"categoryCount":14}
{"timestamp":"2025-08-26T08:26:45.307Z","type":"monitor","status":"info","message":"Scheduler status check","isUpdatingResults":false,"isUpdatingOdds":false,"lastUpdateTime":"2025-08-26T08:20:05.256Z","activeCategories":["NBA","MLB","KBO","NFL","프리미어리그","MLS","KLEAGUE","JLEAGUE","SERIEA","BRASILEIRAO","ARGENTINA_PRIMERA","CSL","LALIGA","BUNDESLIGA"],"uptime":10800.290367667,"apiCallEstimate":"~28 calls per hour","memory":{"used":"82MB","total":"90MB"}}
{"timestamp":"2025-08-26T08:30:00.140Z","type":"results","status":"start","message":"Starting cost-efficient game results update","categoryCount":14}
{"timestamp":"2025-08-26T08:30:00.152Z","type":"epl","status":"start","message":"EPL 프리미어리그 데이터 강제 업데이트"}
{"timestamp":"2025-08-26T08:30:03.462Z","type":"epl","status":"success","message":"EPL 프리미어리그 데이터 업데이트 완료"}
{"timestamp":"2025-08-26T08:30:06.448Z","type":"bets","status":"start","message":"Starting bet results update after game results"}
{"timestamp":"2025-08-26T08:30:06.471Z","type":"results","status":"success","message":"Game results and bet results update completed","gameResultsUpdated":0,"gameResultsDetail":{"totalUpdated":0,"newGames":0,"existingGamesUpdated":0,"skippedGames":0,"categoriesProcessed":13},"betResultsUpdated":0,"categoryCount":14}
{"timestamp":"2025-08-26T08:40:00.860Z","type":"results","status":"start","message":"Starting cost-efficient game results update","categoryCount":14}
{"timestamp":"2025-08-26T08:40:06.231Z","type":"bets","status":"start","message":"Starting bet results update after game results"}
{"timestamp":"2025-08-26T08:40:06.253Z","type":"results","status":"success","message":"Game results and bet results update completed","gameResultsUpdated":0,"gameResultsDetail":{"totalUpdated":0,"newGames":0,"existingGamesUpdated":0,"skippedGames":0,"categoriesProcessed":13},"betResultsUpdated":0,"categoryCount":14}
{"timestamp":"2025-08-26T08:50:00.588Z","type":"results","status":"start","message":"Starting cost-efficient game results update","categoryCount":14}
{"timestamp":"2025-08-26T08:50:05.567Z","type":"bets","status":"start","message":"Starting bet results update after game results"}
{"timestamp":"2025-08-26T08:50:05.593Z","type":"results","status":"success","message":"Game results and bet results update completed","gameResultsUpdated":0,"gameResultsDetail":{"totalUpdated":0,"newGames":0,"existingGamesUpdated":0,"skippedGames":0,"categoriesProcessed":13},"betResultsUpdated":0,"categoryCount":14}
{"timestamp":"2025-08-26T09:00:00.100Z","type":"results","status":"start","message":"Starting cost-efficient game results update","categoryCount":14}
{"timestamp":"2025-08-26T09:00:00.104Z","type":"odds_temp","status":"start","message":"Starting TEMPORARY high-priority leagues odds update (2hour interval - 500K limit)","priority":"high_temp","leagues":["NBA","MLB","KBO","NFL","프리미어리그"],"note":"Temporary scheduler due to 500K API limit"}
{"timestamp":"2025-08-26T09:00:00.106Z","type":"odds_temp","status":"start","message":"Starting TEMPORARY medium-priority leagues odds update (6hour interval - 500K limit)","priority":"medium_temp","leagues":["MLS","KLEAGUE","JLEAGUE","SERIEA"],"note":"Temporary scheduler due to 500K API limit"}
{"timestamp":"2025-08-26T09:00:00.107Z","type":"odds_temp","status":"start","message":"Starting TEMPORARY low-priority leagues odds update (72hour interval - 500K limit)","priority":"low_temp","leagues":["BRASILEIRAO","ARGENTINA_PRIMERA","CSL","LALIGA","BUNDESLIGA"],"note":"Temporary scheduler due to 500K API limit"}
{"timestamp":"2025-08-26T09:00:00.110Z","type":"epl","status":"start","message":"EPL 프리미어리그 데이터 강제 업데이트"}
{"timestamp":"2025-08-26T09:00:01.504Z","type":"odds_temp","status":"success","message":"Temporary medium-priority odds update completed (6hour interval)","priority":"medium_temp","leagues":["MLS","KLEAGUE","JLEAGUE","SERIEA"],"oddsUpdated":4,"oddsDetail":{"totalUpdated":4,"newOdds":0,"existingOddsUpdated":4,"skippedOdds":4,"apiCalls":4,"categoriesProcessed":4},"note":"Temporary scheduler due to 500K API limit"}
{"timestamp":"2025-08-26T09:00:01.815Z","type":"epl","status":"success","message":"EPL 프리미어리그 데이터 업데이트 완료"}
{"timestamp":"2025-08-26T09:00:02.117Z","type":"odds_temp","status":"success","message":"Temporary low-priority odds update completed (72hour interval)","priority":"low_temp","leagues":["BRASILEIRAO","ARGENTINA_PRIMERA","CSL","LALIGA","BUNDESLIGA"],"oddsUpdated":5,"oddsDetail":{"totalUpdated":5,"newOdds":0,"existingOddsUpdated":5,"skippedOdds":5,"apiCalls":5,"categoriesProcessed":5},"note":"Temporary scheduler due to 500K API limit"}
{"timestamp":"2025-08-26T09:00:02.380Z","type":"odds_temp","status":"success","message":"Temporary high-priority odds update completed (2hour interval)","priority":"high_temp","leagues":["NBA","MLB","KBO","NFL","프리미어리그"],"oddsUpdated":3,"oddsDetail":{"totalUpdated":3,"newOdds":0,"existingOddsUpdated":3,"skippedOdds":4,"apiCalls":5,"categoriesProcessed":5},"note":"Temporary scheduler due to 500K API limit"}
{"timestamp":"2025-08-26T09:00:04.527Z","type":"bets","status":"start","message":"Starting bet results update after game results"}
{"timestamp":"2025-08-26T09:00:04.651Z","type":"results","status":"success","message":"Game results and bet results update completed","gameResultsUpdated":0,"gameResultsDetail":{"totalUpdated":0,"newGames":0,"existingGamesUpdated":0,"skippedGames":0,"categoriesProcessed":13},"betResultsUpdated":0,"categoryCount":14}
{"timestamp":"2025-08-26T09:10:00.705Z","type":"results","status":"start","message":"Starting cost-efficient game results update","categoryCount":14}
{"timestamp":"2025-08-26T09:10:06.391Z","type":"bets","status":"start","message":"Starting bet results update after game results"}
{"timestamp":"2025-08-26T09:10:06.560Z","type":"results","status":"success","message":"Game results and bet results update completed","gameResultsUpdated":0,"gameResultsDetail":{"totalUpdated":0,"newGames":0,"existingGamesUpdated":0,"skippedGames":0,"categoriesProcessed":13},"betResultsUpdated":0,"categoryCount":14}
{"timestamp":"2025-08-26T09:20:00.526Z","type":"results","status":"start","message":"Starting cost-efficient game results update","categoryCount":14}
{"timestamp":"2025-08-26T09:20:05.295Z","type":"bets","status":"start","message":"Starting bet results update after game results"}
{"timestamp":"2025-08-26T09:20:05.342Z","type":"results","status":"success","message":"Game results and bet results update completed","gameResultsUpdated":0,"gameResultsDetail":{"totalUpdated":0,"newGames":0,"existingGamesUpdated":0,"skippedGames":0,"categoriesProcessed":13},"betResultsUpdated":0,"categoryCount":14}
{"timestamp":"2025-08-26T09:26:45.338Z","type":"monitor","status":"info","message":"Scheduler status check","isUpdatingResults":false,"isUpdatingOdds":false,"lastUpdateTime":"2025-08-26T09:20:05.342Z","activeCategories":["NBA","MLB","KBO","NFL","프리미어리그","MLS","KLEAGUE","JLEAGUE","SERIEA","BRASILEIRAO","ARGENTINA_PRIMERA","CSL","LALIGA","BUNDESLIGA"],"uptime":14400.290184792,"apiCallEstimate":"~28 calls per hour","memory":{"used":"80MB","total":"88MB"}}
{"timestamp":"2025-08-26T09:30:00.204Z","type":"results","status":"start","message":"Starting cost-efficient game results update","categoryCount":14}
{"timestamp":"2025-08-26T09:30:00.206Z","type":"epl","status":"start","message":"EPL 프리미어리그 데이터 강제 업데이트"}
{"timestamp":"2025-08-26T09:30:01.013Z","type":"epl","status":"success","message":"EPL 프리미어리그 데이터 업데이트 완료"}
{"timestamp":"2025-08-26T09:30:05.476Z","type":"bets","status":"start","message":"Starting bet results update after game results"}
{"timestamp":"2025-08-26T09:30:05.492Z","type":"results","status":"success","message":"Game results and bet results update completed","gameResultsUpdated":0,"gameResultsDetail":{"totalUpdated":0,"newGames":0,"existingGamesUpdated":0,"skippedGames":0,"categoriesProcessed":13},"betResultsUpdated":0,"categoryCount":14}
{"timestamp":"2025-08-26T09:40:00.813Z","type":"results","status":"start","message":"Starting cost-efficient game results update","categoryCount":14}
{"timestamp":"2025-08-26T09:40:07.614Z","type":"bets","status":"start","message":"Starting bet results update after game results"}
{"timestamp":"2025-08-26T09:40:07.636Z","type":"results","status":"success","message":"Game results and bet results update completed","gameResultsUpdated":0,"gameResultsDetail":{"totalUpdated":0,"newGames":0,"existingGamesUpdated":0,"skippedGames":0,"categoriesProcessed":13},"betResultsUpdated":0,"categoryCount":14}
