{"timestamp":"2025-08-28T00:00:00.825Z","type":"results","status":"start","message":"Starting cost-efficient game results update","categoryCount":14}
{"timestamp":"2025-08-28T00:00:00.830Z","type":"odds","status":"start","message":"Starting high-priority leagues odds update (30min interval)","priority":"high","leagues":["NBA","MLB","KBO","NFL","프리미어리그"]}
{"timestamp":"2025-08-28T00:00:00.833Z","type":"epl","status":"start","message":"EPL 프리미어리그 데이터 강제 업데이트"}
{"timestamp":"2025-08-28T00:00:03.024Z","type":"epl","status":"success","message":"EPL 프리미어리그 데이터 업데이트 완료"}
{"timestamp":"2025-08-28T00:00:06.514Z","type":"bets","status":"start","message":"Starting bet results update after game results"}
{"timestamp":"2025-08-28T00:00:06.534Z","type":"results","status":"success","message":"Game results and bet results update completed","gameResultsUpdated":0,"gameResultsDetail":{"totalUpdated":0,"newGames":0,"existingGamesUpdated":0,"skippedGames":0,"categoriesProcessed":14},"betResultsUpdated":0,"categoryCount":14}
{"timestamp":"2025-08-28T00:00:11.986Z","type":"odds","status":"success","message":"High-priority odds update completed (30min interval)","priority":"medium","leagues":["NBA","MLB","KBO","NFL","프리미어리그"],"dynamicPriority":"low","oddsUpdated":39,"oddsDetail":{"totalUpdated":39,"newOdds":0,"existingOddsUpdated":39,"skippedOdds":1,"apiCalls":5,"categoriesProcessed":5}}
{"timestamp":"2025-08-28T00:10:00.023Z","type":"results","status":"start","message":"Starting cost-efficient game results update","categoryCount":14}
{"timestamp":"2025-08-28T00:10:05.750Z","type":"bets","status":"start","message":"Starting bet results update after game results"}
{"timestamp":"2025-08-28T00:10:05.770Z","type":"results","status":"success","message":"Game results and bet results update completed","gameResultsUpdated":0,"gameResultsDetail":{"totalUpdated":0,"newGames":0,"existingGamesUpdated":0,"skippedGames":0,"categoriesProcessed":14},"betResultsUpdated":0,"categoryCount":14}
{"timestamp":"2025-08-28T00:20:00.229Z","type":"results","status":"start","message":"Starting cost-efficient game results update","categoryCount":14}
{"timestamp":"2025-08-28T00:20:04.890Z","type":"bets","status":"start","message":"Starting bet results update after game results"}
{"timestamp":"2025-08-28T00:20:04.915Z","type":"results","status":"success","message":"Game results and bet results update completed","gameResultsUpdated":0,"gameResultsDetail":{"totalUpdated":0,"newGames":0,"existingGamesUpdated":0,"skippedGames":0,"categoriesProcessed":14},"betResultsUpdated":0,"categoryCount":14}
{"timestamp":"2025-08-28T00:30:00.421Z","type":"results","status":"start","message":"Starting cost-efficient game results update","categoryCount":14}
{"timestamp":"2025-08-28T00:30:00.426Z","type":"odds","status":"start","message":"Starting high-priority leagues odds update (30min interval)","priority":"high","leagues":["NBA","MLB","KBO","NFL","프리미어리그"]}
{"timestamp":"2025-08-28T00:30:00.431Z","type":"epl","status":"start","message":"EPL 프리미어리그 데이터 강제 업데이트"}
{"timestamp":"2025-08-28T00:30:03.717Z","type":"epl","status":"success","message":"EPL 프리미어리그 데이터 업데이트 완료"}
{"timestamp":"2025-08-28T00:30:04.607Z","type":"odds","status":"success","message":"High-priority odds update completed (30min interval)","priority":"medium","leagues":["NBA","MLB","KBO","NFL","프리미어리그"],"dynamicPriority":"low","oddsUpdated":40,"oddsDetail":{"totalUpdated":40,"newOdds":1,"existingOddsUpdated":39,"skippedOdds":1,"apiCalls":5,"categoriesProcessed":5}}
{"timestamp":"2025-08-28T00:30:07.362Z","type":"bets","status":"start","message":"Starting bet results update after game results"}
{"timestamp":"2025-08-28T00:30:07.387Z","type":"results","status":"success","message":"Game results and bet results update completed","gameResultsUpdated":0,"gameResultsDetail":{"totalUpdated":0,"newGames":0,"existingGamesUpdated":0,"skippedGames":0,"categoriesProcessed":14},"betResultsUpdated":0,"categoryCount":14}
{"timestamp":"2025-08-28T00:40:00.603Z","type":"results","status":"start","message":"Starting cost-efficient game results update","categoryCount":14}
{"timestamp":"2025-08-28T00:40:05.731Z","type":"bets","status":"start","message":"Starting bet results update after game results"}
{"timestamp":"2025-08-28T00:40:05.759Z","type":"results","status":"success","message":"Game results and bet results update completed","gameResultsUpdated":0,"gameResultsDetail":{"totalUpdated":0,"newGames":0,"existingGamesUpdated":0,"skippedGames":0,"categoriesProcessed":14},"betResultsUpdated":0,"categoryCount":14}
{"timestamp":"2025-08-28T00:41:36.658Z","type":"monitor","status":"info","message":"Scheduler status check","isUpdatingResults":false,"isUpdatingOdds":false,"lastUpdateTime":"2025-08-28T00:40:05.759Z","activeCategories":["NBA","MLB","KBO","NFL","프리미어리그","MLS","KLEAGUE","JLEAGUE","SERIEA","BRASILEIRAO","ARGENTINA_PRIMERA","CSL","LALIGA","BUNDESLIGA"],"uptime":50400.928419542,"apiCallEstimate":"~28 calls per hour","memory":{"used":"82MB","total":"95MB"}}
{"timestamp":"2025-08-28T00:50:00.893Z","type":"results","status":"start","message":"Starting cost-efficient game results update","categoryCount":14}
{"timestamp":"2025-08-28T00:50:05.991Z","type":"bets","status":"start","message":"Starting bet results update after game results"}
{"timestamp":"2025-08-28T00:50:06.014Z","type":"results","status":"success","message":"Game results and bet results update completed","gameResultsUpdated":0,"gameResultsDetail":{"totalUpdated":0,"newGames":0,"existingGamesUpdated":0,"skippedGames":0,"categoriesProcessed":14},"betResultsUpdated":0,"categoryCount":14}
{"timestamp":"2025-08-28T01:00:00.102Z","type":"results","status":"start","message":"Starting cost-efficient game results update","categoryCount":14}
{"timestamp":"2025-08-28T01:00:00.105Z","type":"odds","status":"start","message":"Starting high-priority leagues odds update (30min interval)","priority":"high","leagues":["NBA","MLB","KBO","NFL","프리미어리그"]}
{"timestamp":"2025-08-28T01:00:00.107Z","type":"odds","status":"start","message":"Starting medium-priority leagues odds update (2hour interval)","priority":"medium","leagues":["MLS","KLEAGUE","JLEAGUE","SERIEA"]}
{"timestamp":"2025-08-28T01:00:00.110Z","type":"epl","status":"start","message":"EPL 프리미어리그 데이터 강제 업데이트"}
{"timestamp":"2025-08-28T01:00:01.127Z","type":"epl","status":"success","message":"EPL 프리미어리그 데이터 업데이트 완료"}
{"timestamp":"2025-08-28T01:00:02.740Z","type":"odds","status":"success","message":"Medium-priority odds update completed (2hour interval)","priority":"medium","leagues":["MLS","KLEAGUE","JLEAGUE","SERIEA"],"dynamicPriority":"low","oddsUpdated":44,"oddsDetail":{"totalUpdated":44,"newOdds":2,"existingOddsUpdated":42,"skippedOdds":0,"apiCalls":4,"categoriesProcessed":4}}
{"timestamp":"2025-08-28T01:00:04.785Z","type":"odds","status":"success","message":"High-priority odds update completed (30min interval)","priority":"medium","leagues":["NBA","MLB","KBO","NFL","프리미어리그"],"dynamicPriority":"low","oddsUpdated":40,"oddsDetail":{"totalUpdated":40,"newOdds":0,"existingOddsUpdated":40,"skippedOdds":1,"apiCalls":5,"categoriesProcessed":5}}
{"timestamp":"2025-08-28T01:00:05.760Z","type":"bets","status":"start","message":"Starting bet results update after game results"}
{"timestamp":"2025-08-28T01:00:05.779Z","type":"results","status":"success","message":"Game results and bet results update completed","gameResultsUpdated":0,"gameResultsDetail":{"totalUpdated":0,"newGames":0,"existingGamesUpdated":0,"skippedGames":0,"categoriesProcessed":14},"betResultsUpdated":0,"categoryCount":14}
{"timestamp":"2025-08-28T01:10:00.297Z","type":"results","status":"start","message":"Starting cost-efficient game results update","categoryCount":14}
{"timestamp":"2025-08-28T01:10:05.331Z","type":"bets","status":"start","message":"Starting bet results update after game results"}
{"timestamp":"2025-08-28T01:10:05.350Z","type":"results","status":"success","message":"Game results and bet results update completed","gameResultsUpdated":0,"gameResultsDetail":{"totalUpdated":0,"newGames":0,"existingGamesUpdated":0,"skippedGames":0,"categoriesProcessed":14},"betResultsUpdated":0,"categoryCount":14}
{"timestamp":"2025-08-28T01:20:00.499Z","type":"results","status":"start","message":"Starting cost-efficient game results update","categoryCount":14}
{"timestamp":"2025-08-28T01:20:06.521Z","type":"bets","status":"start","message":"Starting bet results update after game results"}
{"timestamp":"2025-08-28T01:20:06.541Z","type":"results","status":"success","message":"Game results and bet results update completed","gameResultsUpdated":0,"gameResultsDetail":{"totalUpdated":0,"newGames":0,"existingGamesUpdated":0,"skippedGames":0,"categoriesProcessed":14},"betResultsUpdated":0,"categoryCount":14}
{"timestamp":"2025-08-28T01:30:00.705Z","type":"results","status":"start","message":"Starting cost-efficient game results update","categoryCount":14}
{"timestamp":"2025-08-28T01:30:00.709Z","type":"odds","status":"start","message":"Starting high-priority leagues odds update (30min interval)","priority":"high","leagues":["NBA","MLB","KBO","NFL","프리미어리그"]}
{"timestamp":"2025-08-28T01:30:00.712Z","type":"epl","status":"start","message":"EPL 프리미어리그 데이터 강제 업데이트"}
{"timestamp":"2025-08-28T01:30:02.536Z","type":"epl","status":"success","message":"EPL 프리미어리그 데이터 업데이트 완료"}
{"timestamp":"2025-08-28T01:30:04.543Z","type":"odds","status":"success","message":"High-priority odds update completed (30min interval)","priority":"medium","leagues":["NBA","MLB","KBO","NFL","프리미어리그"],"dynamicPriority":"low","oddsUpdated":39,"oddsDetail":{"totalUpdated":39,"newOdds":0,"existingOddsUpdated":39,"skippedOdds":1,"apiCalls":5,"categoriesProcessed":5}}
{"timestamp":"2025-08-28T01:30:05.595Z","type":"bets","status":"start","message":"Starting bet results update after game results"}
{"timestamp":"2025-08-28T01:30:05.622Z","type":"results","status":"success","message":"Game results and bet results update completed","gameResultsUpdated":0,"gameResultsDetail":{"totalUpdated":0,"newGames":0,"existingGamesUpdated":0,"skippedGames":0,"categoriesProcessed":14},"betResultsUpdated":0,"categoryCount":14}
{"timestamp":"2025-08-28T01:40:00.911Z","type":"results","status":"start","message":"Starting cost-efficient game results update","categoryCount":14}
{"timestamp":"2025-08-28T01:40:06.276Z","type":"bets","status":"start","message":"Starting bet results update after game results"}
{"timestamp":"2025-08-28T01:40:06.301Z","type":"results","status":"success","message":"Game results and bet results update completed","gameResultsUpdated":0,"gameResultsDetail":{"totalUpdated":0,"newGames":0,"existingGamesUpdated":0,"skippedGames":0,"categoriesProcessed":14},"betResultsUpdated":0,"categoryCount":14}
{"timestamp":"2025-08-28T01:41:36.702Z","type":"monitor","status":"info","message":"Scheduler status check","isUpdatingResults":false,"isUpdatingOdds":false,"lastUpdateTime":"2025-08-28T01:40:06.301Z","activeCategories":["NBA","MLB","KBO","NFL","프리미어리그","MLS","KLEAGUE","JLEAGUE","SERIEA","BRASILEIRAO","ARGENTINA_PRIMERA","CSL","LALIGA","BUNDESLIGA"],"uptime":54000.930867167,"apiCallEstimate":"~28 calls per hour","memory":{"used":"82MB","total":"95MB"}}
{"timestamp":"2025-08-28T01:50:00.900Z","type":"results","status":"start","message":"Starting cost-efficient game results update","categoryCount":14}
{"timestamp":"2025-08-28T01:50:05.674Z","type":"bets","status":"start","message":"Starting bet results update after game results"}
{"timestamp":"2025-08-28T01:50:05.694Z","type":"results","status":"success","message":"Game results and bet results update completed","gameResultsUpdated":0,"gameResultsDetail":{"totalUpdated":0,"newGames":0,"existingGamesUpdated":0,"skippedGames":0,"categoriesProcessed":14},"betResultsUpdated":0,"categoryCount":14}
{"timestamp":"2025-08-28T02:00:00.090Z","type":"results","status":"start","message":"Starting cost-efficient game results update","categoryCount":14}
{"timestamp":"2025-08-28T02:00:00.094Z","type":"odds","status":"start","message":"Starting high-priority leagues odds update (30min interval)","priority":"high","leagues":["NBA","MLB","KBO","NFL","프리미어리그"]}
{"timestamp":"2025-08-28T02:00:00.097Z","type":"epl","status":"start","message":"EPL 프리미어리그 데이터 강제 업데이트"}
{"timestamp":"2025-08-28T02:00:02.843Z","type":"epl","status":"success","message":"EPL 프리미어리그 데이터 업데이트 완료"}
{"timestamp":"2025-08-28T02:00:04.927Z","type":"bets","status":"start","message":"Starting bet results update after game results"}
{"timestamp":"2025-08-28T02:00:04.933Z","type":"results","status":"success","message":"Game results and bet results update completed","gameResultsUpdated":0,"gameResultsDetail":{"totalUpdated":0,"newGames":0,"existingGamesUpdated":0,"skippedGames":0,"categoriesProcessed":14},"betResultsUpdated":0,"categoryCount":14}
{"timestamp":"2025-08-28T02:00:05.192Z","type":"odds","status":"success","message":"High-priority odds update completed (30min interval)","priority":"medium","leagues":["NBA","MLB","KBO","NFL","프리미어리그"],"dynamicPriority":"low","oddsUpdated":38,"oddsDetail":{"totalUpdated":38,"newOdds":0,"existingOddsUpdated":38,"skippedOdds":1,"apiCalls":5,"categoriesProcessed":5}}
{"timestamp":"2025-08-28T02:10:00.277Z","type":"results","status":"start","message":"Starting cost-efficient game results update","categoryCount":14}
{"timestamp":"2025-08-28T02:10:06.060Z","type":"bets","status":"start","message":"Starting bet results update after game results"}
{"timestamp":"2025-08-28T02:10:06.086Z","type":"results","status":"success","message":"Game results and bet results update completed","gameResultsUpdated":0,"gameResultsDetail":{"totalUpdated":0,"newGames":0,"existingGamesUpdated":0,"skippedGames":0,"categoriesProcessed":14},"betResultsUpdated":0,"categoryCount":14}
{"timestamp":"2025-08-28T02:20:00.647Z","type":"results","status":"start","message":"Starting cost-efficient game results update","categoryCount":14}
{"timestamp":"2025-08-28T02:20:05.877Z","type":"bets","status":"start","message":"Starting bet results update after game results"}
{"timestamp":"2025-08-28T02:20:05.895Z","type":"results","status":"success","message":"Game results and bet results update completed","gameResultsUpdated":0,"gameResultsDetail":{"totalUpdated":0,"newGames":0,"existingGamesUpdated":0,"skippedGames":0,"categoriesProcessed":14},"betResultsUpdated":0,"categoryCount":14}
{"timestamp":"2025-08-28T02:30:00.870Z","type":"results","status":"start","message":"Starting cost-efficient game results update","categoryCount":14}
{"timestamp":"2025-08-28T02:30:00.875Z","type":"odds","status":"start","message":"Starting high-priority leagues odds update (30min interval)","priority":"high","leagues":["NBA","MLB","KBO","NFL","프리미어리그"]}
{"timestamp":"2025-08-28T02:30:00.879Z","type":"epl","status":"start","message":"EPL 프리미어리그 데이터 강제 업데이트"}
{"timestamp":"2025-08-28T02:30:01.665Z","type":"epl","status":"success","message":"EPL 프리미어리그 데이터 업데이트 완료"}
{"timestamp":"2025-08-28T02:30:04.320Z","type":"odds","status":"success","message":"High-priority odds update completed (30min interval)","priority":"medium","leagues":["NBA","MLB","KBO","NFL","프리미어리그"],"dynamicPriority":"low","oddsUpdated":35,"oddsDetail":{"totalUpdated":35,"newOdds":1,"existingOddsUpdated":34,"skippedOdds":1,"apiCalls":5,"categoriesProcessed":5}}
{"timestamp":"2025-08-28T02:30:05.740Z","type":"bets","status":"start","message":"Starting bet results update after game results"}
{"timestamp":"2025-08-28T02:30:05.761Z","type":"results","status":"success","message":"Game results and bet results update completed","gameResultsUpdated":0,"gameResultsDetail":{"totalUpdated":0,"newGames":0,"existingGamesUpdated":0,"skippedGames":0,"categoriesProcessed":14},"betResultsUpdated":0,"categoryCount":14}
{"timestamp":"2025-08-28T02:40:00.031Z","type":"results","status":"start","message":"Starting cost-efficient game results update","categoryCount":14}
{"timestamp":"2025-08-28T02:40:05.248Z","type":"bets","status":"start","message":"Starting bet results update after game results"}
{"timestamp":"2025-08-28T02:40:05.274Z","type":"results","status":"success","message":"Game results and bet results update completed","gameResultsUpdated":0,"gameResultsDetail":{"totalUpdated":0,"newGames":0,"existingGamesUpdated":0,"skippedGames":0,"categoriesProcessed":14},"betResultsUpdated":0,"categoryCount":14}
{"timestamp":"2025-08-28T02:41:36.674Z","type":"monitor","status":"info","message":"Scheduler status check","isUpdatingResults":false,"isUpdatingOdds":false,"lastUpdateTime":"2025-08-28T02:40:05.274Z","activeCategories":["NBA","MLB","KBO","NFL","프리미어리그","MLS","KLEAGUE","JLEAGUE","SERIEA","BRASILEIRAO","ARGENTINA_PRIMERA","CSL","LALIGA","BUNDESLIGA"],"uptime":57600.930051084,"apiCallEstimate":"~28 calls per hour","memory":{"used":"81MB","total":"95MB"}}
{"timestamp":"2025-08-28T02:50:00.253Z","type":"results","status":"start","message":"Starting cost-efficient game results update","categoryCount":14}
{"timestamp":"2025-08-28T02:50:07.577Z","type":"bets","status":"start","message":"Starting bet results update after game results"}
{"timestamp":"2025-08-28T02:50:07.598Z","type":"results","status":"success","message":"Game results and bet results update completed","gameResultsUpdated":0,"gameResultsDetail":{"totalUpdated":0,"newGames":0,"existingGamesUpdated":0,"skippedGames":0,"categoriesProcessed":14},"betResultsUpdated":0,"categoryCount":14}
{"timestamp":"2025-08-28T03:00:00.434Z","type":"results","status":"start","message":"Starting cost-efficient game results update","categoryCount":14}
{"timestamp":"2025-08-28T03:00:00.438Z","type":"odds","status":"start","message":"Starting high-priority leagues odds update (30min interval)","priority":"high","leagues":["NBA","MLB","KBO","NFL","프리미어리그"]}
{"timestamp":"2025-08-28T03:00:00.440Z","type":"odds","status":"start","message":"Starting medium-priority leagues odds update (2hour interval)","priority":"medium","leagues":["MLS","KLEAGUE","JLEAGUE","SERIEA"]}
{"timestamp":"2025-08-28T03:00:00.443Z","type":"epl","status":"start","message":"EPL 프리미어리그 데이터 강제 업데이트"}
{"timestamp":"2025-08-28T03:00:03.027Z","type":"odds","status":"success","message":"Medium-priority odds update completed (2hour interval)","priority":"medium","leagues":["MLS","KLEAGUE","JLEAGUE","SERIEA"],"dynamicPriority":"low","oddsUpdated":44,"oddsDetail":{"totalUpdated":44,"newOdds":0,"existingOddsUpdated":44,"skippedOdds":0,"apiCalls":4,"categoriesProcessed":4}}
{"timestamp":"2025-08-28T03:00:04.739Z","type":"epl","status":"success","message":"EPL 프리미어리그 데이터 업데이트 완료"}
{"timestamp":"2025-08-28T03:00:05.513Z","type":"odds","status":"success","message":"High-priority odds update completed (30min interval)","priority":"medium","leagues":["NBA","MLB","KBO","NFL","프리미어리그"],"dynamicPriority":"low","oddsUpdated":33,"oddsDetail":{"totalUpdated":33,"newOdds":0,"existingOddsUpdated":33,"skippedOdds":1,"apiCalls":5,"categoriesProcessed":5}}
{"timestamp":"2025-08-28T03:00:06.512Z","type":"bets","status":"start","message":"Starting bet results update after game results"}
{"timestamp":"2025-08-28T03:00:06.524Z","type":"results","status":"success","message":"Game results and bet results update completed","gameResultsUpdated":0,"gameResultsDetail":{"totalUpdated":0,"newGames":0,"existingGamesUpdated":0,"skippedGames":0,"categoriesProcessed":14},"betResultsUpdated":0,"categoryCount":14}
{"timestamp":"2025-08-28T03:10:00.620Z","type":"results","status":"start","message":"Starting cost-efficient game results update","categoryCount":14}
{"timestamp":"2025-08-28T03:10:08.206Z","type":"bets","status":"start","message":"Starting bet results update after game results"}
{"timestamp":"2025-08-28T03:10:08.224Z","type":"results","status":"success","message":"Game results and bet results update completed","gameResultsUpdated":0,"gameResultsDetail":{"totalUpdated":0,"newGames":0,"existingGamesUpdated":0,"skippedGames":0,"categoriesProcessed":14},"betResultsUpdated":0,"categoryCount":14}
{"timestamp":"2025-08-28T03:20:00.825Z","type":"results","status":"start","message":"Starting cost-efficient game results update","categoryCount":14}
{"timestamp":"2025-08-28T03:20:06.604Z","type":"bets","status":"start","message":"Starting bet results update after game results"}
{"timestamp":"2025-08-28T03:20:06.629Z","type":"results","status":"success","message":"Game results and bet results update completed","gameResultsUpdated":0,"gameResultsDetail":{"totalUpdated":0,"newGames":0,"existingGamesUpdated":0,"skippedGames":0,"categoriesProcessed":14},"betResultsUpdated":0,"categoryCount":14}
{"timestamp":"2025-08-28T03:30:00.007Z","type":"results","status":"start","message":"Starting cost-efficient game results update","categoryCount":14}
{"timestamp":"2025-08-28T03:30:00.011Z","type":"odds","status":"start","message":"Starting high-priority leagues odds update (30min interval)","priority":"high","leagues":["NBA","MLB","KBO","NFL","프리미어리그"]}
{"timestamp":"2025-08-28T03:30:00.013Z","type":"epl","status":"start","message":"EPL 프리미어리그 데이터 강제 업데이트"}
{"timestamp":"2025-08-28T03:30:03.426Z","type":"epl","status":"success","message":"EPL 프리미어리그 데이터 업데이트 완료"}
{"timestamp":"2025-08-28T03:30:03.769Z","type":"odds","status":"success","message":"High-priority odds update completed (30min interval)","priority":"medium","leagues":["NBA","MLB","KBO","NFL","프리미어리그"],"dynamicPriority":"low","oddsUpdated":32,"oddsDetail":{"totalUpdated":32,"newOdds":0,"existingOddsUpdated":32,"skippedOdds":1,"apiCalls":5,"categoriesProcessed":5}}
{"timestamp":"2025-08-28T03:30:05.532Z","type":"bets","status":"start","message":"Starting bet results update after game results"}
{"timestamp":"2025-08-28T03:30:05.553Z","type":"results","status":"success","message":"Game results and bet results update completed","gameResultsUpdated":0,"gameResultsDetail":{"totalUpdated":0,"newGames":0,"existingGamesUpdated":0,"skippedGames":0,"categoriesProcessed":14},"betResultsUpdated":0,"categoryCount":14}
{"timestamp":"2025-08-28T03:40:00.190Z","type":"results","status":"start","message":"Starting cost-efficient game results update","categoryCount":14}
{"timestamp":"2025-08-28T03:40:06.008Z","type":"bets","status":"start","message":"Starting bet results update after game results"}
{"timestamp":"2025-08-28T03:40:06.038Z","type":"results","status":"success","message":"Game results and bet results update completed","gameResultsUpdated":0,"gameResultsDetail":{"totalUpdated":0,"newGames":0,"existingGamesUpdated":0,"skippedGames":0,"categoriesProcessed":14},"betResultsUpdated":0,"categoryCount":14}
{"timestamp":"2025-08-28T03:41:36.605Z","type":"monitor","status":"info","message":"Scheduler status check","isUpdatingResults":false,"isUpdatingOdds":false,"lastUpdateTime":"2025-08-28T03:40:06.038Z","activeCategories":["NBA","MLB","KBO","NFL","프리미어리그","MLS","KLEAGUE","JLEAGUE","SERIEA","BRASILEIRAO","ARGENTINA_PRIMERA","CSL","LALIGA","BUNDESLIGA"],"uptime":61200.932543542,"apiCallEstimate":"~28 calls per hour","memory":{"used":"80MB","total":"92MB"}}
{"timestamp":"2025-08-28T03:50:00.467Z","type":"results","status":"start","message":"Starting cost-efficient game results update","categoryCount":14}
{"timestamp":"2025-08-28T03:50:07.571Z","type":"bets","status":"start","message":"Starting bet results update after game results"}
{"timestamp":"2025-08-28T03:50:07.592Z","type":"results","status":"success","message":"Game results and bet results update completed","gameResultsUpdated":0,"gameResultsDetail":{"totalUpdated":0,"newGames":0,"existingGamesUpdated":0,"skippedGames":0,"categoriesProcessed":14},"betResultsUpdated":0,"categoryCount":14}
{"timestamp":"2025-08-28T04:00:00.644Z","type":"results","status":"start","message":"Starting cost-efficient game results update","categoryCount":14}
{"timestamp":"2025-08-28T04:00:00.649Z","type":"odds","status":"start","message":"Starting high-priority leagues odds update (30min interval)","priority":"high","leagues":["NBA","MLB","KBO","NFL","프리미어리그"]}
{"timestamp":"2025-08-28T04:00:00.652Z","type":"epl","status":"start","message":"EPL 프리미어리그 데이터 강제 업데이트"}
{"timestamp":"2025-08-28T04:00:02.785Z","type":"epl","status":"success","message":"EPL 프리미어리그 데이터 업데이트 완료"}
{"timestamp":"2025-08-28T04:00:04.067Z","type":"odds","status":"success","message":"High-priority odds update completed (30min interval)","priority":"medium","leagues":["NBA","MLB","KBO","NFL","프리미어리그"],"dynamicPriority":"low","oddsUpdated":31,"oddsDetail":{"totalUpdated":31,"newOdds":0,"existingOddsUpdated":31,"skippedOdds":1,"apiCalls":5,"categoriesProcessed":5}}
{"timestamp":"2025-08-28T04:00:05.686Z","type":"bets","status":"start","message":"Starting bet results update after game results"}
{"timestamp":"2025-08-28T04:00:05.713Z","type":"results","status":"success","message":"Game results and bet results update completed","gameResultsUpdated":0,"gameResultsDetail":{"totalUpdated":0,"newGames":0,"existingGamesUpdated":0,"skippedGames":0,"categoriesProcessed":14},"betResultsUpdated":0,"categoryCount":14}
{"timestamp":"2025-08-28T04:10:00.832Z","type":"results","status":"start","message":"Starting cost-efficient game results update","categoryCount":14}
{"timestamp":"2025-08-28T04:10:06.066Z","type":"bets","status":"start","message":"Starting bet results update after game results"}
{"timestamp":"2025-08-28T04:10:06.090Z","type":"results","status":"success","message":"Game results and bet results update completed","gameResultsUpdated":0,"gameResultsDetail":{"totalUpdated":0,"newGames":0,"existingGamesUpdated":0,"skippedGames":0,"categoriesProcessed":14},"betResultsUpdated":0,"categoryCount":14}
{"timestamp":"2025-08-28T04:20:00.015Z","type":"results","status":"start","message":"Starting cost-efficient game results update","categoryCount":14}
{"timestamp":"2025-08-28T04:20:06.032Z","type":"bets","status":"start","message":"Starting bet results update after game results"}
{"timestamp":"2025-08-28T04:20:06.048Z","type":"results","status":"success","message":"Game results and bet results update completed","gameResultsUpdated":0,"gameResultsDetail":{"totalUpdated":0,"newGames":0,"existingGamesUpdated":0,"skippedGames":0,"categoriesProcessed":14},"betResultsUpdated":0,"categoryCount":14}
{"timestamp":"2025-08-28T04:30:00.213Z","type":"results","status":"start","message":"Starting cost-efficient game results update","categoryCount":14}
{"timestamp":"2025-08-28T04:30:00.217Z","type":"odds","status":"start","message":"Starting high-priority leagues odds update (30min interval)","priority":"high","leagues":["NBA","MLB","KBO","NFL","프리미어리그"]}
{"timestamp":"2025-08-28T04:30:00.220Z","type":"epl","status":"start","message":"EPL 프리미어리그 데이터 강제 업데이트"}
{"timestamp":"2025-08-28T04:30:02.863Z","type":"odds","status":"success","message":"High-priority odds update completed (30min interval)","priority":"medium","leagues":["NBA","MLB","KBO","NFL","프리미어리그"],"dynamicPriority":"low","oddsUpdated":30,"oddsDetail":{"totalUpdated":30,"newOdds":0,"existingOddsUpdated":30,"skippedOdds":1,"apiCalls":5,"categoriesProcessed":5}}
{"timestamp":"2025-08-28T04:30:04.442Z","type":"epl","status":"success","message":"EPL 프리미어리그 데이터 업데이트 완료"}
{"timestamp":"2025-08-28T04:30:04.793Z","type":"bets","status":"start","message":"Starting bet results update after game results"}
{"timestamp":"2025-08-28T04:30:04.820Z","type":"results","status":"success","message":"Game results and bet results update completed","gameResultsUpdated":0,"gameResultsDetail":{"totalUpdated":0,"newGames":0,"existingGamesUpdated":0,"skippedGames":0,"categoriesProcessed":14},"betResultsUpdated":0,"categoryCount":14}
{"timestamp":"2025-08-28T04:40:00.416Z","type":"results","status":"start","message":"Starting cost-efficient game results update","categoryCount":14}
{"timestamp":"2025-08-28T04:40:05.552Z","type":"bets","status":"start","message":"Starting bet results update after game results"}
{"timestamp":"2025-08-28T04:40:05.579Z","type":"results","status":"success","message":"Game results and bet results update completed","gameResultsUpdated":0,"gameResultsDetail":{"totalUpdated":0,"newGames":0,"existingGamesUpdated":0,"skippedGames":0,"categoriesProcessed":14},"betResultsUpdated":0,"categoryCount":14}
{"timestamp":"2025-08-28T04:41:36.651Z","type":"monitor","status":"info","message":"Scheduler status check","isUpdatingResults":false,"isUpdatingOdds":false,"lastUpdateTime":"2025-08-28T04:40:05.579Z","activeCategories":["NBA","MLB","KBO","NFL","프리미어리그","MLS","KLEAGUE","JLEAGUE","SERIEA","BRASILEIRAO","ARGENTINA_PRIMERA","CSL","LALIGA","BUNDESLIGA"],"uptime":64800.932434667,"apiCallEstimate":"~28 calls per hour","memory":{"used":"81MB","total":"95MB"}}
{"timestamp":"2025-08-28T04:50:00.599Z","type":"results","status":"start","message":"Starting cost-efficient game results update","categoryCount":14}
{"timestamp":"2025-08-28T04:50:05.846Z","type":"bets","status":"start","message":"Starting bet results update after game results"}
{"timestamp":"2025-08-28T04:50:05.871Z","type":"results","status":"success","message":"Game results and bet results update completed","gameResultsUpdated":0,"gameResultsDetail":{"totalUpdated":0,"newGames":0,"existingGamesUpdated":0,"skippedGames":0,"categoriesProcessed":14},"betResultsUpdated":0,"categoryCount":14}
{"timestamp":"2025-08-28T05:00:00.367Z","type":"results","status":"start","message":"Starting cost-efficient game results update","categoryCount":14}
{"timestamp":"2025-08-28T05:00:00.371Z","type":"odds","status":"start","message":"Starting high-priority leagues odds update (30min interval)","priority":"high","leagues":["NBA","MLB","KBO","NFL","프리미어리그"]}
{"timestamp":"2025-08-28T05:00:00.374Z","type":"odds","status":"start","message":"Starting medium-priority leagues odds update (2hour interval)","priority":"medium","leagues":["MLS","KLEAGUE","JLEAGUE","SERIEA"]}
{"timestamp":"2025-08-28T05:00:00.376Z","type":"epl","status":"start","message":"EPL 프리미어리그 데이터 강제 업데이트"}
{"timestamp":"2025-08-28T05:00:01.188Z","type":"epl","status":"success","message":"EPL 프리미어리그 데이터 업데이트 완료"}
{"timestamp":"2025-08-28T05:00:02.454Z","type":"odds","status":"success","message":"Medium-priority odds update completed (2hour interval)","priority":"medium","leagues":["MLS","KLEAGUE","JLEAGUE","SERIEA"],"dynamicPriority":"low","oddsUpdated":44,"oddsDetail":{"totalUpdated":44,"newOdds":0,"existingOddsUpdated":44,"skippedOdds":0,"apiCalls":4,"categoriesProcessed":4}}
{"timestamp":"2025-08-28T05:00:02.842Z","type":"odds","status":"success","message":"High-priority odds update completed (30min interval)","priority":"medium","leagues":["NBA","MLB","KBO","NFL","프리미어리그"],"dynamicPriority":"low","oddsUpdated":29,"oddsDetail":{"totalUpdated":29,"newOdds":0,"existingOddsUpdated":29,"skippedOdds":1,"apiCalls":5,"categoriesProcessed":5}}
{"timestamp":"2025-08-28T05:00:04.968Z","type":"bets","status":"start","message":"Starting bet results update after game results"}
{"timestamp":"2025-08-28T05:00:04.990Z","type":"results","status":"success","message":"Game results and bet results update completed","gameResultsUpdated":0,"gameResultsDetail":{"totalUpdated":0,"newGames":0,"existingGamesUpdated":0,"skippedGames":0,"categoriesProcessed":14},"betResultsUpdated":0,"categoryCount":14}
{"timestamp":"2025-08-28T05:10:00.020Z","type":"results","status":"start","message":"Starting cost-efficient game results update","categoryCount":14}
{"timestamp":"2025-08-28T05:10:04.608Z","type":"bets","status":"start","message":"Starting bet results update after game results"}
{"timestamp":"2025-08-28T05:10:04.631Z","type":"results","status":"success","message":"Game results and bet results update completed","gameResultsUpdated":0,"gameResultsDetail":{"totalUpdated":0,"newGames":0,"existingGamesUpdated":0,"skippedGames":0,"categoriesProcessed":14},"betResultsUpdated":0,"categoryCount":14}
{"timestamp":"2025-08-28T05:20:00.631Z","type":"results","status":"start","message":"Starting cost-efficient game results update","categoryCount":14}
{"timestamp":"2025-08-28T05:20:05.698Z","type":"bets","status":"start","message":"Starting bet results update after game results"}
{"timestamp":"2025-08-28T05:20:05.721Z","type":"results","status":"success","message":"Game results and bet results update completed","gameResultsUpdated":0,"gameResultsDetail":{"totalUpdated":0,"newGames":0,"existingGamesUpdated":0,"skippedGames":0,"categoriesProcessed":14},"betResultsUpdated":0,"categoryCount":14}
{"timestamp":"2025-08-28T05:30:00.279Z","type":"results","status":"start","message":"Starting cost-efficient game results update","categoryCount":14}
{"timestamp":"2025-08-28T05:30:00.284Z","type":"odds","status":"start","message":"Starting high-priority leagues odds update (30min interval)","priority":"high","leagues":["NBA","MLB","KBO","NFL","프리미어리그"]}
{"timestamp":"2025-08-28T05:30:00.292Z","type":"epl","status":"start","message":"EPL 프리미어리그 데이터 강제 업데이트"}
{"timestamp":"2025-08-28T05:30:01.113Z","type":"epl","status":"success","message":"EPL 프리미어리그 데이터 업데이트 완료"}
{"timestamp":"2025-08-28T05:30:04.934Z","type":"odds","status":"success","message":"High-priority odds update completed (30min interval)","priority":"medium","leagues":["NBA","MLB","KBO","NFL","프리미어리그"],"dynamicPriority":"low","oddsUpdated":29,"oddsDetail":{"totalUpdated":29,"newOdds":0,"existingOddsUpdated":29,"skippedOdds":1,"apiCalls":5,"categoriesProcessed":5}}
{"timestamp":"2025-08-28T05:30:06.675Z","type":"bets","status":"start","message":"Starting bet results update after game results"}
{"timestamp":"2025-08-28T05:30:06.695Z","type":"results","status":"success","message":"Game results and bet results update completed","gameResultsUpdated":0,"gameResultsDetail":{"totalUpdated":0,"newGames":0,"existingGamesUpdated":0,"skippedGames":0,"categoriesProcessed":14},"betResultsUpdated":0,"categoryCount":14}
{"timestamp":"2025-08-28T05:40:00.864Z","type":"results","status":"start","message":"Starting cost-efficient game results update","categoryCount":14}
{"timestamp":"2025-08-28T05:40:06.142Z","type":"bets","status":"start","message":"Starting bet results update after game results"}
{"timestamp":"2025-08-28T05:40:06.164Z","type":"results","status":"success","message":"Game results and bet results update completed","gameResultsUpdated":0,"gameResultsDetail":{"totalUpdated":0,"newGames":0,"existingGamesUpdated":0,"skippedGames":0,"categoriesProcessed":14},"betResultsUpdated":0,"categoryCount":14}
{"timestamp":"2025-08-28T05:41:36.610Z","type":"monitor","status":"info","message":"Scheduler status check","isUpdatingResults":false,"isUpdatingOdds":false,"lastUpdateTime":"2025-08-28T05:40:06.164Z","activeCategories":["NBA","MLB","KBO","NFL","프리미어리그","MLS","KLEAGUE","JLEAGUE","SERIEA","BRASILEIRAO","ARGENTINA_PRIMERA","CSL","LALIGA","BUNDESLIGA"],"uptime":68400.9327815,"apiCallEstimate":"~28 calls per hour","memory":{"used":"86MB","total":"93MB"}}
{"timestamp":"2025-08-28T05:50:00.591Z","type":"results","status":"start","message":"Starting cost-efficient game results update","categoryCount":14}
{"timestamp":"2025-08-28T05:50:05.889Z","type":"bets","status":"start","message":"Starting bet results update after game results"}
{"timestamp":"2025-08-28T05:50:05.914Z","type":"results","status":"success","message":"Game results and bet results update completed","gameResultsUpdated":0,"gameResultsDetail":{"totalUpdated":0,"newGames":0,"existingGamesUpdated":0,"skippedGames":0,"categoriesProcessed":14},"betResultsUpdated":0,"categoryCount":14}
{"timestamp":"2025-08-28T06:00:00.446Z","type":"results","status":"start","message":"Starting cost-efficient game results update","categoryCount":14}
{"timestamp":"2025-08-28T06:00:00.463Z","type":"odds","status":"start","message":"Starting high-priority leagues odds update (30min interval)","priority":"high","leagues":["NBA","MLB","KBO","NFL","프리미어리그"]}
{"timestamp":"2025-08-28T06:00:00.515Z","type":"epl","status":"start","message":"EPL 프리미어리그 데이터 강제 업데이트"}
{"timestamp":"2025-08-28T06:00:03.327Z","type":"epl","status":"success","message":"EPL 프리미어리그 데이터 업데이트 완료"}
{"timestamp":"2025-08-28T06:00:06.000Z","type":"odds","status":"success","message":"High-priority odds update completed (30min interval)","priority":"medium","leagues":["NBA","MLB","KBO","NFL","프리미어리그"],"dynamicPriority":"low","oddsUpdated":29,"oddsDetail":{"totalUpdated":29,"newOdds":0,"existingOddsUpdated":29,"skippedOdds":1,"apiCalls":5,"categoriesProcessed":5}}
{"timestamp":"2025-08-28T06:00:08.331Z","type":"bets","status":"start","message":"Starting bet results update after game results"}
{"timestamp":"2025-08-28T06:00:08.355Z","type":"results","status":"success","message":"Game results and bet results update completed","gameResultsUpdated":0,"gameResultsDetail":{"totalUpdated":0,"newGames":0,"existingGamesUpdated":0,"skippedGames":0,"categoriesProcessed":14},"betResultsUpdated":0,"categoryCount":14}
{"timestamp":"2025-08-28T06:10:00.070Z","type":"results","status":"start","message":"Starting cost-efficient game results update","categoryCount":14}
{"timestamp":"2025-08-28T06:10:04.608Z","type":"bets","status":"start","message":"Starting bet results update after game results"}
{"timestamp":"2025-08-28T06:10:04.648Z","type":"results","status":"success","message":"Game results and bet results update completed","gameResultsUpdated":0,"gameResultsDetail":{"totalUpdated":0,"newGames":0,"existingGamesUpdated":0,"skippedGames":0,"categoriesProcessed":14},"betResultsUpdated":0,"categoryCount":14}
{"timestamp":"2025-08-28T06:20:00.858Z","type":"results","status":"start","message":"Starting cost-efficient game results update","categoryCount":14}
{"timestamp":"2025-08-28T06:20:08.196Z","type":"bets","status":"start","message":"Starting bet results update after game results"}
{"timestamp":"2025-08-28T06:20:08.253Z","type":"results","status":"success","message":"Game results and bet results update completed","gameResultsUpdated":0,"gameResultsDetail":{"totalUpdated":0,"newGames":0,"existingGamesUpdated":0,"skippedGames":0,"categoriesProcessed":14},"betResultsUpdated":0,"categoryCount":14}
{"timestamp":"2025-08-28T06:30:00.484Z","type":"results","status":"start","message":"Starting cost-efficient game results update","categoryCount":14}
{"timestamp":"2025-08-28T06:30:00.492Z","type":"odds","status":"start","message":"Starting high-priority leagues odds update (30min interval)","priority":"high","leagues":["NBA","MLB","KBO","NFL","프리미어리그"]}
{"timestamp":"2025-08-28T06:30:00.500Z","type":"epl","status":"start","message":"EPL 프리미어리그 데이터 강제 업데이트"}
{"timestamp":"2025-08-28T06:30:03.256Z","type":"epl","status":"success","message":"EPL 프리미어리그 데이터 업데이트 완료"}
{"timestamp":"2025-08-28T06:30:05.632Z","type":"odds","status":"success","message":"High-priority odds update completed (30min interval)","priority":"medium","leagues":["NBA","MLB","KBO","NFL","프리미어리그"],"dynamicPriority":"low","oddsUpdated":29,"oddsDetail":{"totalUpdated":29,"newOdds":0,"existingOddsUpdated":29,"skippedOdds":1,"apiCalls":5,"categoriesProcessed":5}}
{"timestamp":"2025-08-28T06:30:06.381Z","type":"bets","status":"start","message":"Starting bet results update after game results"}
{"timestamp":"2025-08-28T06:30:06.412Z","type":"results","status":"success","message":"Game results and bet results update completed","gameResultsUpdated":0,"gameResultsDetail":{"totalUpdated":0,"newGames":0,"existingGamesUpdated":0,"skippedGames":0,"categoriesProcessed":14},"betResultsUpdated":0,"categoryCount":14}
{"timestamp":"2025-08-28T06:40:00.130Z","type":"results","status":"start","message":"Starting cost-efficient game results update","categoryCount":14}
{"timestamp":"2025-08-28T06:40:04.962Z","type":"bets","status":"start","message":"Starting bet results update after game results"}
{"timestamp":"2025-08-28T06:40:04.988Z","type":"results","status":"success","message":"Game results and bet results update completed","gameResultsUpdated":0,"gameResultsDetail":{"totalUpdated":0,"newGames":0,"existingGamesUpdated":0,"skippedGames":0,"categoriesProcessed":14},"betResultsUpdated":0,"categoryCount":14}
{"timestamp":"2025-08-28T06:41:36.756Z","type":"monitor","status":"info","message":"Scheduler status check","isUpdatingResults":false,"isUpdatingOdds":false,"lastUpdateTime":"2025-08-28T06:40:04.988Z","activeCategories":["NBA","MLB","KBO","NFL","프리미어리그","MLS","KLEAGUE","JLEAGUE","SERIEA","BRASILEIRAO","ARGENTINA_PRIMERA","CSL","LALIGA","BUNDESLIGA"],"uptime":72000.933342209,"apiCallEstimate":"~28 calls per hour","memory":{"used":"86MB","total":"92MB"}}
{"timestamp":"2025-08-28T06:50:00.790Z","type":"results","status":"start","message":"Starting cost-efficient game results update","categoryCount":14}
{"timestamp":"2025-08-28T06:50:05.737Z","type":"bets","status":"start","message":"Starting bet results update after game results"}
{"timestamp":"2025-08-28T06:50:05.771Z","type":"results","status":"success","message":"Game results and bet results update completed","gameResultsUpdated":0,"gameResultsDetail":{"totalUpdated":0,"newGames":0,"existingGamesUpdated":0,"skippedGames":0,"categoriesProcessed":14},"betResultsUpdated":0,"categoryCount":14}
{"timestamp":"2025-08-28T07:00:00.519Z","type":"results","status":"start","message":"Starting cost-efficient game results update","categoryCount":14}
{"timestamp":"2025-08-28T07:00:00.527Z","type":"odds","status":"start","message":"Starting high-priority leagues odds update (30min interval)","priority":"high","leagues":["NBA","MLB","KBO","NFL","프리미어리그"]}
{"timestamp":"2025-08-28T07:00:00.530Z","type":"odds","status":"start","message":"Starting medium-priority leagues odds update (2hour interval)","priority":"medium","leagues":["MLS","KLEAGUE","JLEAGUE","SERIEA"]}
{"timestamp":"2025-08-28T07:00:00.536Z","type":"epl","status":"start","message":"EPL 프리미어리그 데이터 강제 업데이트"}
{"timestamp":"2025-08-28T07:00:03.004Z","type":"epl","status":"success","message":"EPL 프리미어리그 데이터 업데이트 완료"}
{"timestamp":"2025-08-28T07:00:04.711Z","type":"odds","status":"success","message":"Medium-priority odds update completed (2hour interval)","priority":"medium","leagues":["MLS","KLEAGUE","JLEAGUE","SERIEA"],"dynamicPriority":"low","oddsUpdated":44,"oddsDetail":{"totalUpdated":44,"newOdds":0,"existingOddsUpdated":44,"skippedOdds":0,"apiCalls":4,"categoriesProcessed":4}}
{"timestamp":"2025-08-28T07:00:05.881Z","type":"odds","status":"success","message":"High-priority odds update completed (30min interval)","priority":"medium","leagues":["NBA","MLB","KBO","NFL","프리미어리그"],"dynamicPriority":"low","oddsUpdated":29,"oddsDetail":{"totalUpdated":29,"newOdds":0,"existingOddsUpdated":29,"skippedOdds":1,"apiCalls":5,"categoriesProcessed":5}}
{"timestamp":"2025-08-28T07:00:06.045Z","type":"bets","status":"start","message":"Starting bet results update after game results"}
{"timestamp":"2025-08-28T07:00:06.074Z","type":"results","status":"success","message":"Game results and bet results update completed","gameResultsUpdated":0,"gameResultsDetail":{"totalUpdated":0,"newGames":0,"existingGamesUpdated":0,"skippedGames":0,"categoriesProcessed":14},"betResultsUpdated":0,"categoryCount":14}
{"timestamp":"2025-08-28T07:10:00.108Z","type":"results","status":"start","message":"Starting cost-efficient game results update","categoryCount":14}
{"timestamp":"2025-08-28T07:10:05.018Z","type":"bets","status":"start","message":"Starting bet results update after game results"}
{"timestamp":"2025-08-28T07:10:05.038Z","type":"results","status":"success","message":"Game results and bet results update completed","gameResultsUpdated":0,"gameResultsDetail":{"totalUpdated":0,"newGames":0,"existingGamesUpdated":0,"skippedGames":0,"categoriesProcessed":14},"betResultsUpdated":0,"categoryCount":14}
{"timestamp":"2025-08-28T07:20:00.728Z","type":"results","status":"start","message":"Starting cost-efficient game results update","categoryCount":14}
{"timestamp":"2025-08-28T07:20:05.722Z","type":"bets","status":"start","message":"Starting bet results update after game results"}
{"timestamp":"2025-08-28T07:20:05.749Z","type":"results","status":"success","message":"Game results and bet results update completed","gameResultsUpdated":0,"gameResultsDetail":{"totalUpdated":0,"newGames":0,"existingGamesUpdated":0,"skippedGames":0,"categoriesProcessed":14},"betResultsUpdated":0,"categoryCount":14}
{"timestamp":"2025-08-28T07:30:00.356Z","type":"results","status":"start","message":"Starting cost-efficient game results update","categoryCount":14}
{"timestamp":"2025-08-28T07:30:00.360Z","type":"odds","status":"start","message":"Starting high-priority leagues odds update (30min interval)","priority":"high","leagues":["NBA","MLB","KBO","NFL","프리미어리그"]}
{"timestamp":"2025-08-28T07:30:00.367Z","type":"epl","status":"start","message":"EPL 프리미어리그 데이터 강제 업데이트"}
{"timestamp":"2025-08-28T07:30:03.806Z","type":"epl","status":"success","message":"EPL 프리미어리그 데이터 업데이트 완료"}
{"timestamp":"2025-08-28T07:30:05.149Z","type":"bets","status":"start","message":"Starting bet results update after game results"}
{"timestamp":"2025-08-28T07:30:05.178Z","type":"results","status":"success","message":"Game results and bet results update completed","gameResultsUpdated":0,"gameResultsDetail":{"totalUpdated":0,"newGames":0,"existingGamesUpdated":0,"skippedGames":0,"categoriesProcessed":14},"betResultsUpdated":0,"categoryCount":14}
{"timestamp":"2025-08-28T07:30:05.231Z","type":"odds","status":"success","message":"High-priority odds update completed (30min interval)","priority":"medium","leagues":["NBA","MLB","KBO","NFL","프리미어리그"],"dynamicPriority":"low","oddsUpdated":29,"oddsDetail":{"totalUpdated":29,"newOdds":0,"existingOddsUpdated":29,"skippedOdds":1,"apiCalls":5,"categoriesProcessed":5}}
{"timestamp":"2025-08-28T07:40:00.039Z","type":"results","status":"start","message":"Starting cost-efficient game results update","categoryCount":14}
{"timestamp":"2025-08-28T07:40:04.810Z","type":"bets","status":"start","message":"Starting bet results update after game results"}
{"timestamp":"2025-08-28T07:40:04.863Z","type":"results","status":"success","message":"Game results and bet results update completed","gameResultsUpdated":0,"gameResultsDetail":{"totalUpdated":0,"newGames":0,"existingGamesUpdated":0,"skippedGames":0,"categoriesProcessed":14},"betResultsUpdated":0,"categoryCount":14}
{"timestamp":"2025-08-28T07:41:36.729Z","type":"monitor","status":"info","message":"Scheduler status check","isUpdatingResults":false,"isUpdatingOdds":false,"lastUpdateTime":"2025-08-28T07:40:04.863Z","activeCategories":["NBA","MLB","KBO","NFL","프리미어리그","MLS","KLEAGUE","JLEAGUE","SERIEA","BRASILEIRAO","ARGENTINA_PRIMERA","CSL","LALIGA","BUNDESLIGA"],"uptime":75600.934263667,"apiCallEstimate":"~28 calls per hour","memory":{"used":"84MB","total":"96MB"}}
{"timestamp":"2025-08-28T07:50:00.997Z","type":"results","status":"start","message":"Starting cost-efficient game results update","categoryCount":14}
{"timestamp":"2025-08-28T07:50:06.112Z","type":"bets","status":"start","message":"Starting bet results update after game results"}
{"timestamp":"2025-08-28T07:50:06.140Z","type":"results","status":"success","message":"Game results and bet results update completed","gameResultsUpdated":0,"gameResultsDetail":{"totalUpdated":0,"newGames":0,"existingGamesUpdated":0,"skippedGames":0,"categoriesProcessed":14},"betResultsUpdated":0,"categoryCount":14}
